[7h[0;40;37m[?33h




 [1m > >> WACK MC'S ONLY LASTING ONE SEASON

 [0m    [1m _,,,,_ [0m   [1m____[8C[0m   [1m[12C____[0m   [1m _,,,,_ [0m    [1mgggg _,,,,_
``,s#SSS#s,S  ggyy[5C::::  gggg  ,s#SS#s,[0m [1mS#s,''
:SSP"` .`"71¤" ^¤l  ее88  ggg8888  еее;  SSP"` [0m [1m`"7SSSP"`.[0m [1m`"7SS:
11lSS:[0m [1m,81;[0m [1m ;[5C; [0m [1m88е'[0m [1m:iЛl1SS  еед,[0m [1m:l1SS:[0m [1m,18;[0m [1m:SSSl11:[0m [1m;i1,[0m [1m:l1SSS
ЛНМ1l[0m [1m;ее88[0m  [1ma,.,al[0m  [1m8еее  ::НЛ11S  ееее[0m  [1miНll1¤"[0m  [1m"¤ее[0m  [1mSSll1НЛМ[0m  [1mi18е[0m [1m ЛН111
;::МЛ[0m [1mеее81[0m  [1mSS11ЛН [0m [1m18ее  ∙ ;:ЛМl  ееее[0m  [1m:;Лi;  [0m [1m   ;е[0m  [1m11ЛНi::;[0m  [1m1еее;[0m [1m;:НЛМ
∙ ∙;; ее81;[0m  [1m¤¤¤ii:;[0m  [1m;18е [0m [1m··∙ ;:Н [0m [1mееее[0m  [1m∙∙;:Лa,[0m  [1m,aее[0m  [1miН;;:∙ ∙[0m  [1m8ее'[0m [1m∙∙ ::;
:·∙ ....[0m [1m.  ggg ::∙ ∙  `ее    · ∙∙:  88е' ·· ∙ :::[0m [1m ╩╩╩╩  ;;∙ ∙··:  еее   ··∙ ∙
. [0m [1m·.. :[0m [1m:[6C∙ · ─- - -─-:   · ∙ ──--─-   · ∙∙∙¤¤¤¤¤¤¤¤¤¤: ·  .  ╩╩╩   : · .
:.[0m [1m.:  ∙[0m [1m [0m [1m### # ###  ##### :... ..  # ##  ~~ ~~~~  ### #[0m [1m..:.  .:... ###[0m [1m: ..:
[0m    [1m∙[0m [1m[5C[0m[17C[1m∙[0m[14C[1m~~ ~~ ~    [0m   [1m [0m [1m`.   · .`[0m[10C[1m∙
fluph.darktech.org░http://fluph.bbsnexus.com a░mix of old and new,[0m [1mmassm(kwest)
